
// File generated by darts version U-2023.06#b8bbc031dd#240626, Mon Sep 29 08:11:59 2025
// Copyright 2014-2023 Synopsys, Inc. All rights reserved.
// darts -I/tools/ryzen_ai-1.3.0/vitis_aie_essentials/data/aie2p/lib -d -h -I/tools/ryzen_ai-1.3.0/vitis_aie_essentials/include -I/tools/ryzen_ai-1.3.0/vitis_aie_essentials/data/aie2p/lib/runtime_cxx/libcxx-lite/include -I/tools/ryzen_ai-1.3.0/vitis_aie_essentials/data/aie2p/lib/runtime_cxx/libs/libcxx-9.0.0/include-lite -I/tools/ryzen_ai-1.3.0/vitis_aie_essentials/data/aie2p/lib/runtime/include -D__AIENGINE__ -D__AIE_ARCH__=21 -D__AIEARCH__=21 -D__tct_tgt__=240628 -L +Ihex +nanno +u core_0_2.elf me

// Release: ipp U-2023.06-TGT-240628

.text_segment PM      0
.entry_point
.label __AIE_ARCH_MODEL_VERSION__21011000__inlined__1__me_basic___main_init_
.label _main_init
.function_start
           0    0x00 0x07 0x09 0xe0 0x00 0x44                                                                                                                                              MOVXM sp, #458752
           6    0x00 0x00 0x04 0x20 0x00 0x44                                                                                                                                              MOVXM r8, #0
          12    0x00 0x00 0x08 0x20 0x00 0x44                                                                                                                                              MOVXM r16, #0
          18    0x12 0x21 0x07 0x98                                                                                                                                                        EQ r16, r8, r16
          22    0x80 0x00 0x40 0x40 0x01 0x84                                                                                                                                              JNZ r16, #128
          28    0x00 0x00                                                                        NOPX
          30    0x00 0x00                                                                        NOPX
          32    0x00 0x00                                                                        NOPX
          34    0x00 0x00                                                                        NOPX
          36    0x00 0x00                                                                        NOPX
          38    0xf0 0x11 0x60 0x3f 0xff 0xff 0x37 0xfe 0x11 0x3a                                                                                            MOVS p7, p0;                  MOVXM p6, #-4
          48    0x00 0x2c 0xf0 0x00 0x20 0x01 0x5b 0x00 0x00 0x01 0x28 0x50 0x78 0x00 0x00 0xe1  NOPA;                         NOPB;                         NOPS;                         NOPX;                         MOV r9, r1;                             NOPV
.label TGT_F_main_init_64
.loop_nesting 1
          64    0xdf 0x83 0xd5 0x39 0x81 0xd4                                                    LDA p0, [p6], #-4;                                                                                                      MOV r10, p6
          70    0x00 0x00                                                                        NOPX
          72    0x00 0x00                                                                        NOPX
          74    0x00 0x00                                                                        NOPX
          76    0x00 0x00                                                                        NOPX
          78    0x00 0x00                                                                        NOPX
          80    0x00 0x00                                                                        NOPX
.no_stack_arguments
          82    0x10 0x30 0x00 0x18                                                                                                                                                        JL p0
          86    0x00 0x00                                                                        NOPX
          88    0x00 0x00                                                                        NOPX
          90    0x00 0x00                                                                        NOPX
          92    0x00 0x00                                                                        NOPX
          94    0x00 0x00                                                                        NOPX
.return_address
          96    0x12 0xa0 0x88 0x98                                                                                                                                                        NE r16, r10, r8
         100    0x80 0x00 0x20 0x40 0x01 0x84                                                                                                                                              JNZ r16, #64
         106    0x00 0x00                                                                        NOPX
         108    0x00 0x00                                                                        NOPX
         110    0x00 0x00                                                                        NOPX
         112    0x00 0x00                                                                        NOPX
         114    0x00 0x00                                                                        NOPX
.loop_nesting 0
         116    0x00 0x2c 0xf0 0x00 0x20 0x9c 0x8b 0x00 0x2a 0x50 0x70 0xf6                      NOPA;                         NOPB;                         MOVS p0, p7;                                                MOV r1, r9
.label TGT_F_main_init_128
.no_stack_arguments
         128    0x00 0x00 0x70 0x00 0x01 0x04                                                                                                                                              JL #224
         134    0x00 0x00                                                                        NOPX
         136    0x00 0x00                                                                        NOPX
         138    0x00 0x00                                                                        NOPX
         140    0x00 0x00                                                                        NOPX
         142    0x00 0x00                                                                        NOPX
.return_address
.no_stack_arguments
         144    0x00 0x05 0x28 0x00 0x01 0x04                                                                                                                                              JL #2640
         150    0x18 0x60 0x00 0xb8                                                                                                                                                                                      MOV p0, #0
         154    0x00 0x00                                                                        NOPX
         156    0x00 0x00                                                                        NOPX
         158    0x00 0x00                                                                        NOPX
         160    0x00 0x2c 0xf0 0x00 0x20 0x01 0x5b 0x00 0x00 0x00 0x01 0xa5 0x78 0x00 0x00 0xe1  NOPA;                         NOPB;                         NOPS;                         NOPX;                         NOPM;                                   NOPV
.return_address
.swstall chess_separator_scheduler
         176    0x00 0x00                                                                        NOPX
.swstall chess_separator_scheduler
         178    0x00 0x00                                                                        NOPX
.swstall chess_separator_scheduler
         180    0x00 0x00                                                                        NOPX
.swstall chess_separator_scheduler
         182    0x00 0x00                                                                        NOPX
.swstall chess_separator_scheduler
         184    0x00 0x00                                                                        NOPX
.swstall chess_separator_scheduler
         186    0x00 0x00                                                                        NOPX
         188    0x10 0x08 0x00 0x18                                                                                                                                                        DONE
.swstall chess_separator_scheduler
         192    0x00 0x00                                                                        NOPX
.swstall chess_separator_scheduler
         194    0x00 0x00                                                                        NOPX
.swstall chess_separator_scheduler
         196    0x00 0x00                                                                        NOPX
.swstall chess_separator_scheduler
         198    0x00 0x00                                                                        NOPX
.swstall chess_separator_scheduler
         200    0x00 0x00                                                                        NOPX
.swstall chess_separator_scheduler
         202    0x00 0x00                                                                        NOPX
.swstall for_chess_exit
.exit
         204    0x00 0x01 0x67 0x98                                                              NOPA
.label TGT_F_main_init_208
.loop_nesting 1
         208    0x00 0x00 0x68 0x00 0x00 0x84                                                                                                                                              J #208
         214    0x00 0x00                                                                        NOPX
         216    0x00 0x00                                                                        NOPX
         218    0x00 0x00                                                                        NOPX
         220    0x00 0x00                                                                        NOPX
         222    0x00 0x00                                                                        NOPX
.label _main_init__end
.label core_0_2
.function_start
         224    0x00 0x18 0x02 0x9c 0x8b 0x00 0x01 0xeb 0xb7 0x80 0x10 0x76                      MOVA r24, #0;                                               MOVS p2, p7;                  MOVXM p7, #503552
         236    0x00 0x10 0x07 0x1f 0x11 0x80 0x02 0x00 0x00 0x00 0x70 0x76                      MOVA r16, #0;                                               ST r24, [p7], #4;             PADDXM [sp], #64
         248    0xe0 0xe2 0x30 0x00 0xb0 0x28 0x2a 0xd0 0x79 0x3a                                                                                            ST r24, [p7];                 MOVX r11, #1;                 MOV r1, r11
         258    0xe2 0xe2 0x30 0x3e 0xa7 0xe8 0x0a 0x90 0x79 0x3a                                                                                            ST r24, [p7, #4];             MOVX r10, #-1;                MOV r0, r10
         268    0xfa 0x62 0xb0 0x00 0xab 0xd0 0x70 0x02                                                                                                      ST r24, [sp, #-48];                                         MOV r5, r15
         276    0xfb 0x96 0xb0 0x00 0x8b 0x90 0x70 0x02                                                                                                      ST r5, [sp, #-36];                                          MOV r4, r14
         284    0xfc 0x12 0xb0 0x00 0x4b 0x10 0x70 0x02                                                                                                      ST r4, [sp, #-32];                                          MOV r2, r12
         292    0xfd 0x0a 0xb0 0x00 0x6b 0x50 0x70 0x02                                                                                                      ST r2, [sp, #-24];                                          MOV r3, r13
         300    0xfc 0x8e 0xb0 0x00 0x01 0xe9 0xcb 0x00 0x11 0x3a                                                                                            ST r3, [sp, #-28];            MOVXM r14, #501248
         310    0xfd 0x86 0xb0 0x00 0x01 0xe5 0xee 0x80 0x11 0x3a                                                                                            ST r1, [sp, #-20];            MOVXM r15, #498944
         320    0x0f 0xf0 0x15 0x98                                                                                                                          ST r0, [sp, #-16]
         324    0x0f 0xf5 0x35 0x98                                                                                                                          ST r9, [sp, #-12]
         328    0x0f 0xf9 0x15 0x98                                                                                                                          ST r8, [sp, #-8]
         332    0x0f 0xfd 0x1d 0x98                                                                                                                          ST p2, [sp, #-4]
         336    0x0f 0xdb 0x1d 0x98                                                                                                                          ST p6, [sp, #-40]
         340    0x00 0x2c 0xf0 0x00 0x20 0x00 0x00 0x03 0xea 0x1e 0xc1 0x36                      NOPA;                         NOPB;                         ST lr, [sp, #-44];            NOPX
.label TGT_Fcore_0_2_128
.loop_nesting 1
.no_stack_arguments
         352    0x00 0x02 0x70 0x00 0x01 0x04                                                                                                                                              JL #1248
         358    0xff 0xe1 0x07 0xce 0x15 0x80 0x06 0x8b 0x37 0x60 0x78 0x76                      MOVA r1, #-1;                                               ST r16, [sp, #-52];           MOVX r0, #52;                 MOV p6, p7
         370    0x00 0x00                                                                        NOPX
         372    0x00 0x00                                                                        NOPX
         374    0x00 0x00                                                                        NOPX
         376    0x00 0x2c 0xf0 0x04 0x00 0x00 0x1c 0x22                                          NOPA;                                                                                                                                                           NOPV
.return_address
.no_stack_arguments
         384    0x00 0x04 0x78 0x00 0x01 0x04                                                                                                                                              JL #2288
         390    0x00 0x07 0x00 0xda 0x00 0x44                                                                                                                                              MOVXM p0, #462080
         396    0x00 0x00                                                                        NOPX
         398    0x00 0x00                                                                        NOPX
         400    0x00 0x00                                                                        NOPX
         402    0x00 0x2c 0xf0 0x02 0xb6 0x00 0x00 0x40 0x1a 0x57 0x00 0x00 0x1c 0x2e            NOPA;                                                       NOPS;                                                       NOPM;                                   NOPV
.return_address
         416    0x00 0x2c 0xf0 0x00 0x20 0x01 0x5b 0x00 0x80 0xe8 0x01 0xa5 0x78 0x00 0x00 0xe1  NOPA;                         NOPB;                         NOPS;                         MOVX r8, #7;                  NOPM;                                   NOPV
.label TGT_Fcore_0_2_208
.loop_nesting 2
.no_stack_arguments
         432    0x00 0x02 0x70 0x00 0x01 0x04                                                                                                                                              JL #1248
         438    0xf8 0x5f 0xa0 0x20 0xcd 0x64                                                                                                                                              MOVX r1, #-1;                 MOV r0, #51
         444    0x00 0x00                                                                        NOPX
         446    0x00 0x00                                                                        NOPX
         448    0x00 0x00                                                                        NOPX
         450    0x00 0x2c 0xf0 0x02 0xb6 0x00 0x00 0x40 0x1a 0x57 0x00 0x00 0x1c 0x2e            NOPA;                                                       NOPS;                                                       NOPM;                                   NOPV
.return_address
         464    0x06 0x06 0x56 0x98                                                              LDA r18, [p6]
         468    0x00 0x00                                                                        NOPX
         470    0x00 0x00                                                                        NOPX
.no_stack_arguments
         472    0x00 0x02 0x70 0x00 0x01 0x04                                                                                                                                              JL #1248
         478    0x00 0x00                                                                        NOPX
         480    0x00 0x07 0x78 0x32 0x00 0x44                                                                                                                                              MOVXM r16, #489728
         486    0x00 0x07 0x58 0xaa 0x00 0x44                                                                                                                                              MOVXM r17, #480512
         492    0x12 0xf7 0x27 0x98                                                                                                                                                        EQ r27, r11, r18
         496    0xff 0xe1 0x00 0x00 0x20 0x01 0x5b 0x22 0x98 0x10 0x08 0x31 0x58 0x00 0x00 0xe1  MOVA r1, #-1;                 NOPB;                         NOPS;                         SEL.EQZ r9, r17, r16, r27;    MOV r0, #49;                            NOPV
.return_address
         512    0x06 0x16 0x16 0x98                                                              LDA r16, [p6, #4]
         516    0x00 0x00                                                                        NOPX
         518    0x00 0x00                                                                        NOPX
         520    0x00 0x00                                                                        NOPX
.no_stack_arguments
         522    0x00 0x02 0x90 0x00 0x01 0x04                                                                                                                                              JL #1312
         528    0x00 0x00                                                                        NOPX
         530    0x00 0x07 0x04 0xda 0x00 0x44                                                                                                                                              MOVXM p2, #462080
         536    0x12 0xf7 0x07 0x98                                                                                                                                                        EQ r27, r11, r16
         540    0x7c 0x1c 0x42 0xc9 0x41 0xe4                                                                                                                                              SEL.EQZ r16, r15, r14, r27;   MOV p1, r9
         546    0x00 0x2c 0xf1 0x20 0x16 0x00 0x00 0x7b 0x16 0x07 0x00 0x00 0x1c 0x2e            NOPA;                                                       MOVS p0, r16;                                               MOV p7, p1;                             NOPV
.return_address
.no_stack_arguments
         560    0x00 0x02 0x80 0x00 0x01 0x04                                                                                                                                              JL #1280
         566    0x00 0x18 0x20 0xa0 0x05 0x64                                                                                                                                              MOVX r0, #48;                 MOV r1, #1
         572    0x00 0x00                                                                        NOPX
         574    0x00 0x00                                                                        NOPX
         576    0x00 0x00                                                                        NOPX
         578    0x00 0x2c 0xf0 0x02 0xb6 0x00 0x00 0x40 0x1a 0x57 0x00 0x00 0x1c 0x2e            NOPA;                                                       NOPS;                                                       NOPM;                                   NOPV
.return_address
         592    0x06 0x16 0x16 0x98                                                              LDA r16, [p6, #4]
         596    0x00 0x00                                                                        NOPX
         598    0x00 0x00                                                                        NOPX
         600    0x00 0x00                                                                        NOPX
         602    0x00 0x00                                                                        NOPX
.no_stack_arguments
         604    0x00 0x02 0x70 0x00 0x01 0x04                                                                                                                                              JL #1248
         610    0x00 0x00                                                                        NOPX
         612    0x84 0x7f 0xe8 0x30 0x01 0x24                                                                                                                                              ADD r17, r16, #-1;            ADD.NC r16, r16, #1
         618    0x12 0xf7 0x0a 0x98                                                                                                                                                        LT r27, r11, r16
         622    0x14 0x21 0x12 0x18                                                                                                                                                        SEL.EQZ r16, r16, r17, r27
         626    0x00 0x2c 0xf0 0x00 0x20 0x00 0xc5 0x05 0xff 0xeb 0xc2 0xc2 0x30 0x7e            NOPA;                         NOPB;                         ST r16, [p6, #4];             MOVX r0, #49;                 MOV r1, #-1
.return_address
         640    0x06 0x16 0x16 0x98                                                              LDA r16, [p6, #4]
         644    0x00 0x00                                                                        NOPX
         646    0x00 0x00                                                                        NOPX
         648    0x00 0x00                                                                        NOPX
.no_stack_arguments
         650    0x00 0x02 0x90 0x00 0x01 0x04                                                                                                                                              JL #1312
         656    0x00 0x00                                                                        NOPX
         658    0x00 0x07 0x04 0xda 0x00 0x44                                                                                                                                              MOVXM p2, #462080
         664    0x12 0xf7 0x07 0x98                                                                                                                                                        EQ r27, r11, r16
         668    0x13 0xe0 0xe2 0x18                                                                                                                                                        SEL.EQZ r16, r15, r14, r27
         672    0x00 0x2c 0xf0 0x00 0x20 0x90 0x0b 0x00 0x00 0x00 0xb7 0x60 0x78 0x00 0x00 0xe1  NOPA;                         NOPB;                         MOVS p0, r16;                 NOPX;                         MOV p1, p7;                             NOPV
.return_address
.no_stack_arguments
         688    0x00 0x02 0x80 0x00 0x01 0x04                                                                                                                                              JL #1280
         694    0x00 0x18 0x20 0xa0 0x05 0x64                                                                                                                                              MOVX r0, #48;                 MOV r1, #1
         700    0x00 0x00                                                                        NOPX
         702    0x00 0x00                                                                        NOPX
         704    0x00 0x00                                                                        NOPX
         706    0x00 0x2c 0xf0 0x02 0xb6 0x00 0x00 0x40 0x1a 0x57 0x00 0x00 0x1c 0x2e            NOPA;                                                       NOPS;                                                       NOPM;                                   NOPV
.return_address
         720    0x06 0x16 0x16 0x98                                                              LDA r16, [p6, #4]
         724    0x00 0x00                                                                        NOPX
         726    0x00 0x00                                                                        NOPX
         728    0x00 0x00                                                                        NOPX
         730    0x00 0x00                                                                        NOPX
.no_stack_arguments
         732    0x00 0x02 0x70 0x00 0x01 0x04                                                                                                                                              JL #1248
         738    0x00 0x00                                                                        NOPX
         740    0x84 0x7f 0xe8 0x30 0x01 0x24                                                                                                                                              ADD r17, r16, #-1;            ADD.NC r16, r16, #1
         746    0x12 0xf7 0x0a 0x98                                                                                                                                                        LT r27, r11, r16
         750    0x14 0x21 0x12 0x18                                                                                                                                                        SEL.EQZ r16, r16, r17, r27
         754    0x00 0x2c 0xf0 0x00 0x20 0x00 0xc5 0x05 0xff 0xeb 0xc2 0xc2 0x30 0x7e            NOPA;                         NOPB;                         ST r16, [p6, #4];             MOVX r0, #49;                 MOV r1, #-1
.return_address
         768    0x06 0x16 0x16 0x98                                                              LDA r16, [p6, #4]
         772    0x00 0x00                                                                        NOPX
         774    0x00 0x00                                                                        NOPX
         776    0x00 0x00                                                                        NOPX
.no_stack_arguments
         778    0x00 0x02 0x90 0x00 0x01 0x04                                                                                                                                              JL #1312
         784    0x00 0x00                                                                        NOPX
         786    0x00 0x07 0x04 0xda 0x00 0x44                                                                                                                                              MOVXM p2, #462080
         792    0x12 0xf7 0x07 0x98                                                                                                                                                        EQ r27, r11, r16
         796    0x13 0xe0 0xe2 0x18                                                                                                                                                        SEL.EQZ r16, r15, r14, r27
         800    0x00 0x2c 0xf0 0x00 0x20 0x90 0x0b 0x00 0x00 0x00 0xb7 0x60 0x78 0x00 0x00 0xe1  NOPA;                         NOPB;                         MOVS p0, r16;                 NOPX;                         MOV p1, p7;                             NOPV
.return_address
.no_stack_arguments
         816    0x00 0x02 0x80 0x00 0x01 0x04                                                                                                                                              JL #1280
         822    0x00 0x18 0x20 0xa0 0x05 0x64                                                                                                                                              MOVX r0, #48;                 MOV r1, #1
         828    0x00 0x00                                                                        NOPX
         830    0x00 0x00                                                                        NOPX
         832    0x00 0x00                                                                        NOPX
         834    0x00 0x2c 0xf0 0x02 0xb6 0x00 0x00 0x40 0x1a 0x57 0x00 0x00 0x1c 0x2e            NOPA;                                                       NOPS;                                                       NOPM;                                   NOPV
.return_address
         848    0x06 0x16 0x16 0x98                                                              LDA r16, [p6, #4]
         852    0x00 0x00                                                                        NOPX
         854    0x00 0x00                                                                        NOPX
         856    0x00 0x00                                                                        NOPX
         858    0x00 0x00                                                                        NOPX
.no_stack_arguments
         860    0x00 0x02 0x70 0x00 0x01 0x04                                                                                                                                              JL #1248
         866    0x00 0x00                                                                        NOPX
         868    0x84 0x7f 0xe8 0x30 0x01 0x24                                                                                                                                              ADD r17, r16, #-1;            ADD.NC r16, r16, #1
         874    0x12 0xf7 0x0a 0x98                                                                                                                                                        LT r27, r11, r16
         878    0x14 0x21 0x12 0x18                                                                                                                                                        SEL.EQZ r16, r16, r17, r27
         882    0x00 0x2c 0xf0 0x00 0x20 0x00 0xc5 0x05 0xff 0xeb 0xc2 0xc2 0x30 0x7e            NOPA;                         NOPB;                         ST r16, [p6, #4];             MOVX r0, #49;                 MOV r1, #-1
.return_address
         896    0x06 0x16 0x16 0x98                                                              LDA r16, [p6, #4]
         900    0x00 0x00                                                                        NOPX
         902    0x00 0x00                                                                        NOPX
         904    0x00 0x00                                                                        NOPX
.no_stack_arguments
         906    0x00 0x02 0x90 0x00 0x01 0x04                                                                                                                                              JL #1312
         912    0x00 0x00                                                                        NOPX
         914    0x00 0x07 0x04 0xda 0x00 0x44                                                                                                                                              MOVXM p2, #462080
         920    0x12 0xf7 0x07 0x98                                                                                                                                                        EQ r27, r11, r16
         924    0x13 0xe0 0xe2 0x18                                                                                                                                                        SEL.EQZ r16, r15, r14, r27
         928    0x00 0x2c 0xf0 0x00 0x20 0x90 0x0b 0x00 0x00 0x00 0xb7 0x60 0x78 0x00 0x00 0xe1  NOPA;                         NOPB;                         MOVS p0, r16;                 NOPX;                         MOV p1, p7;                             NOPV
.return_address
.no_stack_arguments
         944    0x00 0x02 0x80 0x00 0x01 0x04                                                                                                                                              JL #1280
         950    0x00 0x18 0x20 0xa0 0x05 0x64                                                                                                                                              MOVX r0, #48;                 MOV r1, #1
         956    0x00 0x00                                                                        NOPX
         958    0x00 0x00                                                                        NOPX
         960    0x00 0x00                                                                        NOPX
         962    0x00 0x2c 0xf0 0x02 0xb6 0x00 0x00 0x40 0x1a 0x57 0x00 0x00 0x1c 0x2e            NOPA;                                                       NOPS;                                                       NOPM;                                   NOPV
.return_address
         976    0x06 0x16 0x16 0x98                                                              LDA r16, [p6, #4]
         980    0x00 0x00                                                                        NOPX
         982    0x00 0x00                                                                        NOPX
         984    0x00 0x00                                                                        NOPX
         986    0x00 0x00                                                                        NOPX
.no_stack_arguments
         988    0x00 0x02 0x80 0x00 0x01 0x04                                                                                                                                              JL #1280
         994    0x00 0x00                                                                        NOPX
         996    0x84 0x7f 0xe8 0x30 0x01 0x24                                                                                                                                              ADD r17, r16, #-1;            ADD.NC r16, r16, #1
        1002    0x12 0xf7 0x0a 0x98                                                                                                                                                        LT r27, r11, r16
        1006    0x14 0x21 0x12 0x18                                                                                                                                                        SEL.EQZ r16, r16, r17, r27
        1010    0x00 0x2c 0xf0 0x00 0x20 0x02 0x05 0x01 0x06 0x4b 0xc2 0xc2 0x30 0x7e            NOPA;                         NOPB;                         ST r16, [p6, #4];             MOVX r1, #1;                  MOV r0, #50
.return_address
        1024    0xc0 0xc2 0xd0 0x00 0x00 0x03 0xb0 0xd8 0x10 0xba                                LDA r16, [p6];                                                                            MOVXM p7, #432
        1034    0x00 0x00                                                                        NOPX
        1036    0x00 0x00                                                                        NOPX
        1038    0x00 0x00                                                                        NOPX
        1040    0x00 0x00                                                                        NOPX
        1042    0x12 0x11 0xe0 0x18                                                                                                                                                        JNZD r8, r8, p7
        1046    0x00 0x00                                                                        NOPX
        1048    0x84 0x7f 0xe8 0x30 0x01 0x24                                                                                                                                              ADD r17, r16, #-1;            ADD.NC r16, r16, #1
        1054    0x12 0xf7 0x0a 0x98                                                                                                                                                        LT r27, r11, r16
        1058    0x14 0x21 0x12 0x18                                                                                                                                                        SEL.EQZ r16, r16, r17, r27
        1062    0x0e 0x06 0x11 0x98                                                                                                                          ST r16, [p6]
.loop_nesting 1
        1066    0x07 0xcd 0x11 0x18                                                              LDA r8, [sp, #-52]
        1070    0x00 0x00                                                                        NOPX
.no_stack_arguments
        1072    0x00 0x02 0x80 0x00 0x01 0x04                                                                                                                                              JL #1280
        1078    0x00 0x00                                                                        NOPX
        1080    0x00 0x00                                                                        NOPX
        1082    0x00 0x00                                                                        NOPX
        1084    0x1c 0x1c 0xc0 0xf8                                                                                                                                                                                      MOV r16, p6
        1088    0x00 0x21 0x00 0x00 0x20 0x01 0x5b 0x00 0x06 0xab 0xb4 0x3f 0x08 0x00 0x00 0xe1  MOVA r1, #1;                  NOPB;                         NOPS;                         MOVX r0, #53;                 ADD.NC p7, r16, #-4;                    NOPV
.return_address
        1104    0xfa 0x4a 0x20 0x11 0x00 0x3a 0x28 0x00 0x58 0xba                                LDA r18, [sp, #-48];                                                                      ADD r16, r8, #1;              MOV r17, #0
        1114    0xde 0xce 0xd0 0x1f 0xff 0xfe 0xaf 0xff 0x10 0xba                                LDA r19, [p6, #-4];                                                                       MOVXM r21, #2147483646
        1124    0x12 0xa9 0x08 0x98                                                                                                                                                        NE r20, r10, r16
        1128    0x00 0x00                                                                        NOPX
        1130    0x00 0x00                                                                        NOPX
        1132    0x00 0x00                                                                        NOPX
        1134    0x00 0x00                                                                        NOPX
        1136    0x14 0x65 0x22 0x98                                                                                                                                                        ADC r18, r17, r18
        1140    0xfa 0x4a 0xba 0xd6 0x79 0x5c                                                                                                                ST r18, [sp, #-48];           LTU r21, r21, r19
        1146    0x14 0xa3 0x1a 0x98                                                                                                                                                        LT r17, r18, r17
        1150    0x95 0x9a 0x09 0x33 0xaa 0xa4                                                                                                                                              EQZ r22, r18;                 ADD.NC r18, r19, r21
        1156    0xe3 0xca 0x3b 0x4a 0x89 0x5c                                                                                                                ST r18, [p7], #4;             AND r18, r22, r20
        1162    0x14 0x63 0x25 0x98                                                                                                                                                        OR r17, r17, r18
        1166    0x88 0x00 0xb0 0x40 0x01 0x84                                                                                                                                              JNZ r17, #352
        1172    0x00 0x00                                                                        NOPX
        1174    0x00 0x00                                                                        NOPX
        1176    0x00 0x00                                                                        NOPX
        1178    0x00 0x00                                                                        NOPX
        1180    0x00 0x00                                                                        NOPX
.loop_nesting 0
        1182    0x07 0xd4 0x39 0x18                                                              LDA lr, [sp, #-44]
        1186    0x07 0xf9 0x11 0x18                                                              LDA r8, [sp, #-8]
        1190    0x07 0xf5 0x31 0x18                                                              LDA r9, [sp, #-12]
        1194    0x07 0xf1 0x51 0x18                                                              LDA r10, [sp, #-16]
        1198    0x07 0xed 0x71 0x18                                                              LDA r11, [sp, #-20]
        1202    0x07 0xe9 0x91 0x18                                                              LDA r12, [sp, #-24]
        1206    0x07 0xe5 0xb1 0x18                                                              LDA r13, [sp, #-28]
        1210    0x07 0xe1 0xd1 0x18                                                              LDA r14, [sp, #-32]
        1214    0x07 0xdd 0xf1 0x18                                                              LDA r15, [sp, #-36]
        1218    0x07 0xdb 0x19 0x18                                                              LDA p6, [sp, #-40]
        1222    0x07 0xff 0x99 0x18                                                              LDA p7, [sp, #-4]
        1226    0x10 0x28 0x00 0x18                                                                                                                                                        RET lr
        1230    0x00 0x00                                                                        NOPX
        1232    0x00 0x00                                                                        NOPX
        1234    0x00 0x00                                                                        NOPX
        1236    0x00 0x00                                                                        NOPX
        1238    0xff 0xf8 0x00 0x00 0x01 0xc4                                                                                                                                              PADDXM [sp], #-64
.label core_0_2__end

.text_segment PM   1248
.label llvm___aie2p___acquire
.function_start
        1248    0x10 0x12 0x18 0x18                                                                                                                                                        ACQ r0, r1
        1252    0x10 0x28 0x00 0x18                                                                                                                                                        RET lr
        1256    0x00 0x00                                                                        NOPX
        1258    0x00 0x00                                                                        NOPX
        1260    0x00 0x00                                                                        NOPX
        1262    0x00 0x00                                                                        NOPX
        1264    0x00 0x00                                                                        NOPX
.label llvm___aie2p___acquire__end

.text_segment PM   1280
.label llvm___aie2p___release
.function_start
        1280    0x10 0x10 0x18 0x18                                                                                                                                                        REL r0, r1
        1284    0x10 0x28 0x00 0x18                                                                                                                                                        RET lr
        1288    0x00 0x00                                                                        NOPX
        1290    0x00 0x00                                                                        NOPX
        1292    0x00 0x00                                                                        NOPX
        1294    0x00 0x00                                                                        NOPX
        1296    0x00 0x00                                                                        NOPX
.label llvm___aie2p___release__end

.text_segment PM   1312
.label matmul_vectorized_bfp16
.function_start
        1312    0x00 0x18 0x00 0x00 0x01 0xe9 0xb7 0x86 0x10 0xba                                MOVA r24, #0;                                                                             MOVXM p3, #503564
        1322    0x60 0x96 0xd0 0x00 0x01 0xea 0x37 0x88 0x10 0xba                                LDA r5, [p3];                                                                             MOVXM p4, #503568
        1332    0x80 0xc0 0x50 0x01 0x11 0x28 0x88 0x40 0x58 0xba                                LDA.s8 r16, [p4];                                                                         MOVX r17, #9;                 MOV r4, #64
        1342    0x00 0x62 0x00 0x20 0x10 0x08 0x28 0x08 0x10 0xba                                MOVA r2, #3;                                                                              MOVXM r1, #-2143281136
        1352    0x00 0x14 0x00 0x00 0x60 0x29 0x48 0x39 0x78 0xba                                MOVA r20, #0;                                                                             MOVX r6, #1;                  VBCST.8 x5, r4
        1362    0x00 0x87 0x00 0x12 0x40 0x09 0x30 0x39 0x78 0xba                                MOVA r7, #4;                                                                              MOVX r4, #576;                VBCST.8 x4, r24
        1372    0x08 0x04 0x00 0x24 0x02 0x44                                                                                                                                              MOVXM r0, #134480385
        1378    0x1f 0xff 0xf9 0x3c 0x00 0x44                                                                                                                                              MOVXM r18, #536870400
        1384    0x2d 0xa3 0xb7 0x45 0x08 0x64                                                                                                                                              LSHL r22, r5, r17;            VSEL.8 x7, x4, x5, r1:r0
        1390    0xb0 0x24 0x9f 0x70 0x41 0xe4                                                                                                                                              AND r0, r22, r18;             MOV crRnd, r16
        1396    0x7f 0x7f 0x71 0xbe 0xfe 0x44                                                                                                                                              MOVXM r3, #2139062143
        1402    0x2e 0xc4 0xf7 0x07 0x39 0xe4                                                                                                                                              EQ r27, r5, r2;               MOV el7, r3
        1408    0x09 0x03 0x00 0x0a 0x20 0x39 0xe1 0xce 0x78 0xba                                MOVA r3, #72;                                                                             ADD r2, r5, #1;               MOV eh7, r3
        1418    0x89 0x40 0xc2 0xa9 0x81 0xe4                                                                                                                                              MAC r5, r5, r17, r0;          MOV r5, p2
        1424    0x00 0x80 0x00 0x00 0x01 0xc4                                                                                                                                              PADDXM [sp], #1024
        1430    0x61 0x82 0x00 0x05 0x0b 0x05 0x5c 0x10 0x08 0x60 0x78 0x76                      MOVA r2, #780;                                              MOVS dc0, r5;                 SEL.EQZ r21, r2, r24, r27;    MOV r0, p0
        1442    0x60 0xd6 0x30 0x00 0x00 0x00 0x7b 0x00 0x11 0x3a                                                                                            ST r21, [p3];                 MOVXM ls, #1536
        1452    0xfc 0x3e 0x60 0x00 0x00 0x01 0xbc 0x58 0x11 0x3a                                                                                            VST x7, [sp, #-512];          MOVXM le, #2224
        1462    0xff 0xbd 0xb0 0x00 0x29 0x60 0x70 0x02                                                                                                      ST el7, [sp, #-4];                                          MOV r1, p1
        1470    0xff 0x39 0xb0 0x00 0x00 0x02 0x0a 0x40 0x11 0x3a                                                                                            ST eh7, [sp, #-8];            MOVXM r16, #1152
        1480    0x00 0x00 0x08 0xa8 0x70 0x44                                                                                                                                              MOVXM r17, #1080
        1486    0xff 0xff 0xf9 0x37 0x90 0x44                                                                                                                                              MOVXM r18, #-1080
        1492    0x00 0x2c 0xf0 0x00 0x20 0x00 0x00 0x01 0xb2 0xf0 0x10 0xb6                      NOPA;                         NOPB;                                                       MOVXM p3, #1504
.label TGT_Fmatmul_vectorized_bfp16_192
.loop_nesting 1
        1504    0x01 0x05 0x40 0x29 0x72 0x32 0xe8 0x10 0x78 0xba                                MOVA lc, #8;                                                                              MAC r23, r23, r20, r4;        MOV r23, r0
        1514    0xa5 0x8f 0xba 0x20 0x01 0x64                                                                                                                                              LSHL r22, r20, r7;            MOV r20, #0
        1520    0x1d 0xad 0xf0 0x97 0x41 0xe4                                                                                                                                              MUL r22, r3, r22;             MOV dn0, r23
        1526    0x00 0x2c 0xf0 0x00 0x10 0x00 0x01 0xa5 0x7e 0xba                                NOPA;                         NOPB;                                                                                     NOPM
.label ZLS_Fmatmul_vectorized_bfp16_224
.loop_nesting 2
.begin_of_loop
        1536    0xff 0x59 0x20 0x82 0x4b 0x01 0x80 0x0b 0x2d 0x92 0x08 0x76                      LDA eh11, [sp, #-8];                                        MOVS p0, dn0;                 MOVX r24, #0;                 ADD.NC r25, r22, #72
        1548    0x00 0x19 0x08 0x28 0x2e 0x77 0x10 0x80 0xca 0x0f 0x30 0x09 0x60 0x7e            MOVA r25, #0;                 VLDB.FILL.512 [p0, lf0, r24]; MOVS p1, dc0;                 ADD r27, r25, r17;            MOV m0, r25
        1562    0x80 0x01 0x7a 0x28 0x28 0x01 0xa0 0x09 0x06 0xd0 0x78 0xb6                      VLDA.POP.576 ex0, [p0, lf0, r24];VLDB.FILL.512 [p1, lf1, r25];                            MOVX r26, #0;                 MOV m2, r27
        1574    0x80 0x09 0x7e 0x94 0xa8 0x2d 0xd8 0x04 0x85 0x90 0x78 0xb6                      VLDA.POP.576 ex1, [p0, lf0, r24];VLDB.POP.576 ex9, [p1, lf1, r25, m2];                    ADD r29, r22, r16;            MOV m1, r22
        1586    0xfc 0xd8 0xf4 0x02 0x28 0x32 0x01 0x7d 0xca 0x0f 0x28 0x91 0x60 0x7e            VLDA lfl1, [sp, #-448];       VLDB.POP.576 ex4, [p0, lf0, r24];MOVS dn1, p1;              MOVX r25, #0;                 MOV r31, r25
        1600    0xfb 0x68 0xf4 0x02 0xa8 0x29 0x48 0x04 0xb0 0x68 0xa8 0xb6                      VLDA sfh, [sp, #-640];        VLDB.POP.576 ex5, [p0, lf0, r24];                           ADD r20, r20, r16;            ADD.NC p1, r1, r20
        1612    0xfe 0x98 0xf0 0x80 0x4b 0x00 0xe0 0x60 0x72 0xba                                VLDA lfl0, [sp, #-192];                                     MOVS p0, dc0;                                               MOV dc1, p0
        1622    0xff 0x08 0xf0 0x01 0x80 0x0b 0xce 0x10 0x78 0xba                                VLDA lfh0, [sp, #-128];                                                                   MOVX r24, #0;                 MOV r30, r24
        1632    0xff 0xdd 0x24 0x14 0x14 0x03 0x8e 0xd2 0x0e 0xba                                LDA el11, [sp, #-4];          VLDB.FILL.512 [p0, lf0, r24];                                                             ADD.NC r28, r27, #72
        1642    0xfc 0x5f 0x76 0x2a 0x54 0x01 0x87 0x10 0x7e 0xba                                VLDA x11, [sp, #-512];        VLDB.POP.576 ex9, [p0, lf0, r24, m1];                                                     MOV m3, r28
        1652    0xfb 0x5d 0x68 0x28 0x28 0x25 0x6e 0x05 0x31 0x6c 0xa8 0x36                                                    VLDB.FILL.512 [p0, lf0, r24]; VST lfl1, [sp, #-640];        ADD r22, r18, r28;            ADD.NC p2, r5, r22
        1664    0xfd 0x48 0xfc 0x15 0x28 0x3c                                                    VLDA lfh1, [sp, #-384];       VLDB.POP.576 ex10, [p0, lf0, r24, m0]
        1670    0xfa 0x1d 0x65 0x14 0x14 0x03 0x0f 0x90 0x76 0xba                                                              VLDB.FILL.512 [p1, lf1, r25]; VST lfl0, [sp, #-768];                                      MOV r24, r30
        1680    0xf9 0x8d 0x63 0x00 0x94 0x00 0x31 0xc0 0x76 0xba                                                              VLDB.POP.576 ex2, [p1, lf1, r25];VST lfh0, [sp, #-832];                                   MOV p0, dc1
        1690    0xfb 0xb8 0xf6 0x01 0xa8 0x3c                                                    VLDA sfl, [sp, #-576];        VLDB.POP.576 ex3, [p1, lf1, r25]
        1696    0x60 0x32 0x8f 0xbc 0xd6 0x4c                                                                                  VLDB.POP.576 ex6, [p1, lf1, r25];VST lfh1, [sp, #-576]
        1702    0xfa 0x18 0xf3 0x01 0xd4 0x1d 0x12 0xf3 0x69 0x4a                                VLDA lfl0, [sp, #-768];       VLDB.POP.576 ex7, [p1, lf1, r25];                                                                                                 VMUL.f dm2, ex9, ex11, r2
        1712    0xf9 0x88 0xf3 0x00 0x94 0x1d 0x14 0xf3 0x69 0x4a                                VLDA lfh0, [sp, #-832];       VLDB.POP.576 ex2, [p1, lf1, r25];                                                                                                 VMUL.f dm4, ex9, ex11, r2
        1722    0x80 0x01 0x76 0x01 0xaf 0xf4 0xeb 0x02 0xc1 0x2e 0x70 0xf6                      VLDA.POP.576 ex0, [p0, lf0, r24];VLDB.POP.576 ex3, [p1, lf1, r25];VST lfl0, [sp, #-192];                                VMOV ex11, ex1
        1734    0x80 0x09 0x76 0x03 0x2b 0xfc 0x35 0x8e 0x13 0xf5 0x69 0x66                      VLDA.POP.576 ex1, [p0, lf0, r24];VLDB.POP.576 ex6, [p1, lf1, r25];VST lfh0, [sp, #-128];                                                                        VMUL.f dm3, ex10, ex11, r2
        1746    0x80 0x21 0x76 0x03 0xaf 0xf1 0x4d 0xb2                                          VLDA.POP.576 ex4, [p0, lf0, r24];VLDB.POP.576 ex7, [p1, lf1, r25];ST eh5, [sp, #-16]
        1754    0x80 0x29 0x7a 0x28 0x2b 0xfa 0xb6 0xce 0x14 0x80 0x49 0x66                      VLDA.POP.576 ex5, [p0, lf0, r24];VLDB.FILL.512 [p1, lf1, r25];ST el5, [sp, #-12];                                                                               VMAC.f dm4, dm4, ex0, ex2, r2
        1766    0x02 0x81 0x76 0x01 0x2f 0xd5 0x73 0x00 0x00 0x02 0x43 0x2e 0x78 0x92 0x12 0x4b  VLDA.FILL.512 [p0, lf0, r24]; VLDB.POP.576 ex2, [p1, lf1, r25];VST x5, [sp, #-704];       NOPX;                         VMOV ex9, ex3;                          VMAC.f dm2, dm2, ex1, ex2, r2
        1782    0x80 0x01 0x73 0x00 0xd4 0x1d 0x13 0x60 0x69 0x4a                                VLDA.POP.576 ex0, [p0, lf0, r24];VLDB.POP.576 ex3, [p1, lf1, r25];                                                                                              VMAC.f dm3, dm3, ex0, ex3, r2
        1792    0x06 0x03 0x2c 0x0e 0x5c 0xe6 0x14 0x88 0xc9 0x4a                                                              VLDB.POP.576 ex6, [p1, lf1, r25];                                                         VMOV ex8, ex7;                          VMAC.f dm4, dm4, ex4, ex6, r2
        1802    0xff 0x29 0x22 0x00 0x54 0x1d 0x12 0x4a 0xc9 0x4a                                LDA eh5, [sp, #-8];           VLDB.POP.576 ex1, [p0, lf0, r24];                                                                                                 VMAC.f dm2, dm2, ex5, ex6, r2
        1812    0xff 0xad 0x24 0x02 0x2d 0x06 0x5c 0xe2 0x13 0x68 0xe9 0x66                      LDA el5, [sp, #-4];           VLDB.POP.576 ex4, [p0, lf0, r24];                                                         VMOV ex10, ex3;                         VMAC.f dm3, dm3, ex4, ex7, r2
        1824    0xfc 0x2f 0x73 0x01 0xd4 0x1d 0x14 0x80 0x49 0x4a                                VLDA x5, [sp, #-512];         VLDB.POP.576 ex7, [p1, lf1, r25];                                                                                                 VMAC.f dm4, dm4, ex0, ex2, r2
        1834    0x12 0x42 0x49 0x48                                                                                                                                                                                                                              VMAC.f dm2, dm2, ex1, ex2, r2
        1838    0xfd 0x29 0xb0 0x02 0x13 0x60 0x69 0x62                                                                                                      ST eh5, [sp, #-24];                                                                                 VMAC.f dm3, dm3, ex0, ex3, r2
        1846    0xfd 0xad 0xb0 0x02 0x14 0x88 0xc9 0x62                                                                                                      ST el5, [sp, #-20];                                                                                 VMAC.f dm4, dm4, ex4, ex6, r2
        1854    0xf9 0x2e 0x66 0x01 0x2a 0x16 0x5c 0xe6 0x12 0x4a 0xc9 0x66                                                    VLDB.POP.576 ex2, [p1, lf1, r25];VST x5, [sp, #-896];                                     VMOV ex4, ex11;                         VMAC.f dm2, dm2, ex5, ex6, r2
        1866    0x06 0x01 0xad 0x82 0x5c 0xe6 0x13 0x68 0xe9 0x4a                                                              VLDB.POP.576 ex3, [p1, lf1, r25];                                                         VMOV ex11, ex1;                         VMAC.f dm3, dm3, ex4, ex7, r2
        1876    0xfc 0x09 0xb1 0x08 0x5c 0xe4 0x14 0x80 0x49 0x4a                                                                                            ST eh1, [sp, #-32];                                         VMOV ex2, ex4;                          VMAC.f dm4, dm4, ex0, ex2, r2
        1886    0xfc 0x8d 0xb0 0x0e 0x5c 0xe4 0x12 0x42 0x49 0x4a                                                                                            ST el1, [sp, #-28];                                         VMOV ex0, ex7;                          VMAC.f dm2, dm2, ex1, ex2, r2
        1896    0xf9 0x8e 0x60 0x02 0x13 0x60 0x69 0x62                                                                                                      VST x1, [sp, #-832];                                                                                VMAC.f dm3, dm3, ex0, ex3, r2
        1904    0x03 0x01 0x94 0x00 0x14 0x88 0xc9 0x62                                                                        VLDB.POP.576 ex6, [p1, lf1, r25];                                                                                                 VMAC.f dm4, dm4, ex4, ex6, r2
        1912    0x18 0x96 0x5c 0xf8                                                                                                                                                                                      VMOV ex1, ex11
        1916    0x05 0x84 0x5c 0xe6 0x13 0x68 0xe9 0x62                                                                                                                                                                  VMOV ex11, ex2;                         VMAC.f dm3, dm3, ex4, ex7, r2
        1924    0xfb 0x11 0xb0 0x01 0x03 0x2e 0x70 0x02                                                                                                      ST eh2, [sp, #-40];                                         VMOV ex4, ex3
        1932    0x60 0x32 0x8f 0xb9 0x5b 0x4c                                                                                  VLDB.POP.576 ex6, [p1, lf1, r25];ST el2, [sp, #-36]
        1938    0x30 0xc9 0x60 0x03 0x2f 0xd0 0x70 0x02                                                                                                      MOVS p1, dn1;                                               MOV r25, r31
        1946    0x07 0xda 0xc7 0x98                                                              VLDA lfl1, [sp, #-640]
        1950    0xfb 0xc8 0xf2 0x18 0xb9 0xd4                                                    VLDA lfh1, [sp, #-576];                                                                                                 VMOV ex2, ex6
        1956    0xa2 0x82 0x8f 0xa1 0x66 0x4c                                                                                  VLDB.FILL.512 [p1, lf1, r25]; VST x2, [sp, #-768]
        1962    0xed 0x1a 0x8f 0xa1 0x9b 0x4c                                                                                  VLDB.POP.576 ex3, [p1, lf1, r25, m3];ST eh3, [sp, #-48]
        1968    0x0f 0xd4 0xed 0x98                                                                                                                          ST el3, [sp, #-44]
        1972    0xfc 0xdd 0x60 0x00 0xc6 0x2e 0x70 0x02                                                                                                      VST lfl1, [sp, #-448];                                      VMOV ex3, ex6
        1980    0x0f 0xc4 0xf3 0x18                                                                                                                          VST x3, [sp, #-960]
        1984    0x0f 0xea 0x6b 0x18                                                                                                                          VST lfh1, [sp, #-384]
        1988    0x0f 0xc8 0xcd 0x98                                                                                                                          ST eh3, [sp, #-56]
        1992    0x0f 0xcc 0xed 0x98                                                                                                                          ST el3, [sp, #-52]
        1996    0x0f 0xc0 0xf3 0x18                                                                                                                          VST x3, [sp, #-1024]
        2000    0xfe 0x19 0x20 0x04 0x11 0xe6 0xa9 0x62                                          LDA eh3, [sp, #-16];                                                                                                                                            VMUL.f dm1, ex3, ex5, r2
        2008    0x07 0xf4 0xe9 0x18                                                              LDA el3, [sp, #-12]
        2012    0x07 0xd4 0xfb 0x98                                                              VLDA x3, [sp, #-704]
        2016    0xfd 0x29 0x20 0x04 0x11 0x37 0x29 0x62                                          LDA eh5, [sp, #-24];                                                                                                                                            VMAC.f dm1, dm1, ex11, ex9, r2
        2024    0x07 0xed 0x69 0x18                                                              LDA el5, [sp, #-20]
        2028    0x07 0xc9 0x7b 0x98                                                              VLDA x5, [sp, #-896]
        2032    0x07 0xda 0x09 0x18                                                              LDA eh8, [sp, #-40]
        2036    0x07 0xde 0x29 0x18                                                              LDA el8, [sp, #-36]
        2040    0xfa 0x47 0x74 0x02 0xa8 0x3c                                                    VLDA x8, [sp, #-768];         VLDB.POP.576 ex5, [p0, lf0, r24]
        2046    0xfc 0x49 0x22 0x00 0x14 0x1d 0x11 0x27 0x09 0x4a                                LDA eh9, [sp, #-32];          VLDB.POP.576 ex0, [p0, lf0, r24];                                                                                                 VMAC.f dm1, dm1, ex3, ex8, r2
        2056    0xfc 0xcd 0x24 0x00 0xa8 0x3c                                                    LDA el9, [sp, #-28];          VLDB.POP.576 ex1, [p0, lf0, r24]
        2062    0xf9 0xcf 0x74 0x02 0x28 0x3c                                                    VLDA x9, [sp, #-832];         VLDB.POP.576 ex4, [p0, lf0, r24]
        2068    0xfa 0x51 0x20 0x04 0x11 0x23 0x49 0x62                                          LDA eh10, [sp, #-48];                                                                                                                                           VMAC.f dm1, dm1, ex1, ex10, r2
        2076    0x07 0xd6 0xa9 0x18                                                              LDA el10, [sp, #-44]
        2080    0xf8 0xd7 0x74 0x02 0xa8 0x3c                                                    VLDA x10, [sp, #-960];        VLDB.POP.576 ex5, [p0, lf0, r24]
        2086    0xf9 0x19 0x20 0x04 0x11 0x2a 0x09 0x62                                          LDA eh3, [sp, #-56];                                                                                                                                            VMAC.f dm1, dm1, ex5, ex0, r2
        2094    0xf9 0x9d 0x20 0x04 0x12 0x4a 0x49 0x62                                          LDA el3, [sp, #-52];                                                                                                                                            VMAC.f dm2, dm2, ex5, ex2, r2
        2102    0xf8 0x1f 0x70 0x04 0x14 0x81 0x09 0x62                                          VLDA x3, [sp, #-1024];                                                                                                                                          VMAC.f dm4, dm4, ex0, ex8, r2
        2110    0x11 0x32 0x89 0x48                                                                                                                                                                                                                              VMAC.f dm1, dm1, ex9, ex4, r2
        2114    0x12 0x43 0x09 0x48                                                                                                                                                                                                                              VMAC.f dm2, dm2, ex1, ex8, r2
        2118    0x1b 0x8c 0x5c 0xf8                                                                                                                                                                                      VMOV ex7, ex6
        2122    0x11 0x2a 0xe9 0x48                                                                                                                                                                                                                              VMAC.f dm1, dm1, ex5, ex7, r2
        2126    0x13 0x61 0x49 0x48                                                                                                                                                                                                                              VMAC.f dm3, dm3, ex0, ex10, r2
        2130    0x00 0x00                                                                        NOPX
        2132    0x14 0x88 0x69 0x48                                                                                                                                                                                                                              VMAC.f dm4, dm4, ex4, ex3, r2
        2136    0x13 0x68 0xe9 0x48                                                                                                                                                                                                                              VMAC.f dm3, dm3, ex4, ex7, r2
        2140    0x11 0x23 0x49 0x48                                                                                                                                                                                                                              VMAC.f dm1, dm1, ex1, ex10, r2
        2144    0x12 0x4a 0x69 0x48                                                                                                                                                                                                                              VMAC.f dm2, dm2, ex5, ex3, r2
        2148    0x00 0x00                                                                        NOPX
        2150    0x11 0x2a 0xe9 0x48                                                                                                                                                                                                                              VMAC.f dm1, dm1, ex5, ex7, r2
        2154    0x0d 0x82 0x03 0x18                                                                                                                          VST.PUSH.576.CONV.bfp16ebs8.fp32 dm4, [p2, sf, r26]
        2158    0x09 0x00 0x03 0x18                                                                                                                          VST.FLUSH.512.CONV [p2, sf, r26]
        2162    0xfd 0xb8 0xfb 0x03 0x06 0x0c                                                    VLDA sfl, [sp, #-320];                                      VST.PUSH.576.CONV.bfp16ebs8.fp32 dm3, [p2, sf, r26]
        2168    0xfe 0x68 0xf2 0x00 0x06 0x0c                                                    VLDA sfh, [sp, #-256];                                      VST.FLUSH.512.CONV [p2, sf, r26]
        2174    0x06 0x80 0x24 0xdd 0x2a 0xa4                                                                                                                                              MOVX r26, #0;                 ADD.NC p2, r29, r5
        2180    0x00 0x00                                                                        NOPX
        2182    0x00 0x00                                                                        NOPX
        2184    0x0f 0xdd 0xeb 0x18                                                                                                                          VST sfl, [sp, #-576]
        2188    0x0f 0xdb 0x6b 0x18                                                                                                                          VST sfh, [sp, #-640]
        2192    0x0d 0x81 0x03 0x18                                                                                                                          VST.PUSH.576.CONV.bfp16ebs8.fp32 dm2, [p2, sf, r26]
        2196    0x09 0x00 0x03 0x18                                                                                                                          VST.FLUSH.512.CONV [p2, sf, r26]
        2200    0x0d 0x80 0x83 0x18                                                                                                                          VST.PUSH.576.CONV.bfp16ebs8.fp32 dm1, [p2, sf, r26]
        2204    0x09 0x00 0x03 0x18                                                                                                                          VST.FLUSH.512.CONV [p2, sf, r26]
        2208    0x00 0x00                                                                        NOPX
        2210    0x00 0x00                                                                        NOPX
        2212    0x00 0x00                                                                        NOPX
        2214    0x00 0x2c 0xf7 0xf3 0x6b 0x00 0x00 0x00 0x00 0x7a                                NOPA;                                                       VST sfh, [sp, #-256];         NOPX
.label ZLE_Fmatmul_vectorized_bfp16_912
.end_of_loop
        2224    0x00 0x2c 0xf0 0x00 0x27 0xed 0xeb 0x00 0x00 0x00 0x01 0xa5 0x78 0x00 0x00 0xe1  NOPA;                         NOPB;                         VST sfl, [sp, #-320];         NOPX;                         NOPM;                                   NOPV
.loop_nesting 1
        2240    0x11 0x8c 0xe0 0x18                                                                                                                                                        JNZD r6, r6, p3
        2244    0x10 0x28 0x09 0x18                                                                                                                                                        MOVX r20, #2
        2248    0x00 0x00                                                                        NOPX
        2250    0x00 0x00                                                                        NOPX
        2252    0x00 0x00                                                                        NOPX
        2254    0x00 0x00                                                                        NOPX
.loop_nesting 0
        2256    0x10 0x28 0x00 0x18                                                                                                                                                        RET lr
        2260    0xff 0x80 0x00 0x00 0x01 0xc4                                                                                                                                              PADDXM [sp], #-1024
        2266    0x00 0x00                                                                        NOPX
        2268    0x00 0x00                                                                        NOPX
        2270    0x00 0x00                                                                        NOPX
        2272    0x00 0x00                                                                        NOPX
.label matmul_vectorized_bfp16__end

.text_segment PM   2288
.label zero_kernel
.function_start
        2288    0x20 0x05 0x40 0x00 0x22 0x80 0x8b 0x00 0x01 0xe8 0x37 0x88 0x10 0x07 0x00 0xe9  MOVA lc, #256;                NOPB;                         MOVS p2, p0;                  MOVXM p0, #503568;                                                    VCLR dm0
        2304    0x00 0x80 0x50 0x00 0x00 0x00 0x7c 0xb8 0x10 0xba                                LDA.s8 r0, [p0];                                                                          MOVXM ls, #2416
        2314    0x00 0x1a 0x00 0x00 0x00 0x01 0xbc 0xc0 0x10 0xba                                MOVA r26, #0;                                                                             MOVXM le, #2432
        2324    0x00 0x2c 0xf0 0x00 0x20 0x00 0x00 0x00 0x00 0xad 0x81 0x36                      NOPA;                         NOPB;                         NOPS;                         NOPX
        2336    0x00 0x2c 0xf0 0x00 0x20 0x01 0x5b 0x00 0x00 0x00 0x01 0xa5 0x78 0x00 0x00 0xe1  NOPA;                         NOPB;                         NOPS;                         NOPX;                         NOPM;                                   NOPV
        2352    0x00 0x2c 0xf0 0x00 0x20 0x01 0x5b 0x00 0x00 0x00 0x01 0xa5 0x78 0x00 0x00 0xe1  NOPA;                         NOPB;                         NOPS;                         NOPX;                         NOPM;                                   NOPV
        2368    0x00 0x2c 0xf0 0x00 0x20 0x01 0x5b 0x00 0x00 0x00 0x01 0xa5 0x78 0x00 0x00 0xe1  NOPA;                         NOPB;                         NOPS;                         NOPX;                         NOPM;                                   NOPV
        2384    0x00 0x2c 0xf0 0x00 0x20 0x01 0x5b 0x00 0x00 0x00 0x01 0xa5 0x78 0x00 0x00 0xe1  NOPA;                         NOPB;                         NOPS;                         NOPX;                         NOPM;                                   NOPV
        2400    0x00 0x2c 0xf0 0x00 0x20 0x01 0x5b 0x01 0xd4 0x00 0x01 0xa5 0x78 0x00 0x00 0xe1  NOPA;                         NOPB;                         NOPS;                         MOVX crRnd, r0;               NOPM;                                   NOPV
.label ZLS_Fzero_kernel_128
.loop_nesting 1
.begin_of_loop
        2416    0x00 0x2c 0xf0 0x00 0x25 0x80 0x03 0x00 0x00 0x00 0x01 0xa5 0x78 0x00 0x00 0xe1  NOPA;                         NOPB;                         VST.PUSH.576.CONV.bfp16ebs8.fp32 dm0, [p2, sf, r26];NOPX;   NOPM;                                   NOPV
.label ZLE_Fzero_kernel_144
.end_of_loop
        2432    0x00 0x2c 0xf0 0x00 0x21 0x00 0x03 0x00 0x00 0x00 0x01 0xa5 0x78 0x00 0x00 0xe1  NOPA;                         NOPB;                         VST.FLUSH.512.CONV [p2, sf, r26];NOPX;                      NOPM;                                   NOPV
.loop_nesting 0
        2448    0x10 0x28 0x00 0x18                                                                                                                                                        RET lr
        2452    0x00 0x00                                                                        NOPX
        2454    0x00 0x00                                                                        NOPX
        2456    0x00 0x00                                                                        NOPX
        2458    0x00 0x00                                                                        NOPX
        2460    0x00 0x00                                                                        NOPX
.label zero_kernel__end

.text_segment PM   2464
.label _fini
.function_start
        2464    0x00 0x08 0x00 0x00 0x01 0xc4                                                                                                                                              PADDXM [sp], #64
        2470    0xfe 0xba 0xb0 0x00 0x00 0x02 0x08 0x00 0x11 0x3a                                                                                            ST r14, [sp, #-12];           MOVXM r16, #0
        2480    0xff 0x73 0xb0 0x00 0x00 0x01 0xc8 0x00 0x11 0x3a                                                                                            ST p7, [sp, #-8];             MOVXM r14, #0
        2490    0x74 0x20 0xfe 0xd0 0x41 0xe4                                                                                                                                              EQ r16, r14, r16;             MOV p7, r16
        2496    0x80 0x05 0x10 0x40 0x01 0x84                                                                                                                                              JNZ r16, #2592
        2502    0x0f 0xfd 0xf5 0x98                                                                                                                          ST r15, [sp, #-4]
        2506    0x0f 0xf0 0x3d 0x98                                                                                                                          ST lr, [sp, #-16]
        2510    0x00 0x00                                                                        NOPX
        2512    0x00 0x00                                                                        NOPX
        2514    0x00 0x2c 0xf0 0x02 0xb6 0x00 0x00 0x40 0x1a 0x57 0x00 0x00 0x1c 0x2e            NOPA;                                                       NOPS;                                                       NOPM;                                   NOPV
.label TGT_F_fini_64
.loop_nesting 1
        2528    0x07 0x1c 0x1e 0x98                                                              LDA p0, [p7], #4
        2532    0x00 0x00                                                                        NOPX
        2534    0x00 0x00                                                                        NOPX
        2536    0x00 0x00                                                                        NOPX
        2538    0x00 0x00                                                                        NOPX
        2540    0x00 0x00                                                                        NOPX
        2542    0x00 0x00                                                                        NOPX
.no_stack_arguments
        2544    0x10 0x30 0x00 0x18                                                                                                                                                        JL p0
        2548    0x1b 0xde 0xc0 0xf8                                                                                                                                                                                      MOV r15, p7
        2552    0x00 0x00                                                                        NOPX
        2554    0x00 0x00                                                                        NOPX
        2556    0x00 0x00                                                                        NOPX
        2558    0x00 0x00                                                                        NOPX
.return_address
        2560    0x13 0xe0 0xe8 0x98                                                                                                                                                        NE r16, r15, r14
        2564    0x80 0x04 0xf0 0x40 0x01 0x84                                                                                                                                              JNZ r16, #2528
        2570    0x00 0x00                                                                        NOPX
        2572    0x00 0x00                                                                        NOPX
        2574    0x00 0x00                                                                        NOPX
        2576    0x00 0x00                                                                        NOPX
        2578    0x00 0x2c 0xf0 0x02 0xb6 0x00 0x00 0x40 0x1a 0x57 0x00 0x00 0x1c 0x2e            NOPA;                                                       NOPS;                                                       NOPM;                                   NOPV
.label TGT_F_fini_128
.loop_nesting 0
        2592    0x07 0xf0 0x39 0x18                                                              LDA lr, [sp, #-16]
        2596    0x07 0xf5 0xd1 0x18                                                              LDA r14, [sp, #-12]
        2600    0x07 0xfd 0xf1 0x18                                                              LDA r15, [sp, #-4]
        2604    0x07 0xfb 0x99 0x18                                                              LDA p7, [sp, #-8]
        2608    0x00 0x00                                                                        NOPX
        2610    0x00 0x00                                                                        NOPX
        2612    0x00 0x00                                                                        NOPX
        2614    0x10 0x28 0x00 0x18                                                                                                                                                        RET lr
        2618    0x00 0x00                                                                        NOPX
        2620    0x00 0x00                                                                        NOPX
        2622    0x00 0x00                                                                        NOPX
        2624    0x00 0x00                                                                        NOPX
        2626    0xff 0xf8 0x00 0x00 0x01 0xc4                                                                                                                                              PADDXM [sp], #-64
.label _fini__end

.text_segment PM   2640
.label __cxa_finalize
.function_start
        2640    0xff 0xa1 0x00 0x00 0x01 0xe8 0x37 0x9a 0x10 0xba                                MOVA r1, #-3;                                                                             MOVXM p0, #503604
        2650    0x00 0x8a 0xd0 0x00 0x41 0x08 0x6f 0xe0 0x78 0xba                                LDA r2, [p0];                                                                             MOVX r4, #8;                  MOV r3, srsSign1
        2660    0x00 0x92 0x30 0x00 0x02 0x00 0x00 0x00 0x71 0x3a                                                                                            ST r4, [p0];                  PADDXM [sp], #64
        2670    0xfa 0x8e 0xb0 0x00 0x6b 0xe0 0x70 0x02                                                                                                      ST r3, [sp, #-44];                                          MOV r3, srsSign0
        2678    0xfc 0x0e 0xb0 0x00 0x6d 0xe0 0x70 0x02                                                                                                      ST r3, [sp, #-32];                                          MOV r3, packSign1
        2686    0xfc 0x8e 0xb0 0x00 0x69 0xe0 0x70 0x02                                                                                                      ST r3, [sp, #-28];                                          MOV r3, packSign0
        2694    0xfd 0x8e 0xb0 0x00 0x6a 0x70 0x70 0x02                                                                                                      ST r3, [sp, #-20];                                          MOV r3, crSat
        2702    0xfe 0x0e 0xb0 0x00 0x6c 0x70 0x70 0x02                                                                                                      ST r3, [sp, #-16];                                          MOV r3, crSRSMode
        2710    0xfe 0x8e 0xb0 0x04 0x2f 0x18 0x6b 0xb0 0x79 0x3a                                                                                            ST r3, [sp, #-12];            ADD r2, r2, #-8;              MOV r3, crPackSize
        2720    0xff 0x0e 0xb0 0x04 0xd0 0xf4 0x2f 0xb0 0x79 0x3a                                                                                            ST r3, [sp, #-8];             ASHL r13, r2, r1;             MOV r1, crRnd
        2730    0xff 0x86 0xb0 0x00 0x29 0x70 0x70 0x02                                                                                                      ST r1, [sp, #-4];                                           MOV r1, crUnpackSize
        2738    0xfd 0x06 0xb0 0x00 0x2e 0x70 0x70 0x02                                                                                                      ST r1, [sp, #-24];                                          MOV r1, crUPSMode
        2746    0xfb 0x86 0xb0 0x00 0x01 0xe8 0x2f 0x8a 0x11 0x3a                                                                                            ST r1, [sp, #-36];            MOVXM r1, #503572
        2756    0xfb 0x07 0xb0 0x03 0x30 0x44 0xa0 0x02                                                                                                      ST lr, [sp, #-40];                                          ADD.NC p6, r1, r2
        2764    0x1a 0x58 0x60 0xf8                                                                                                                                                                                      MOV r9, upsSign1
        2768    0x1a 0x10 0x60 0xf8                                                                                                                                                                                      MOV r8, upsSign0
        2772    0x1a 0xda 0x60 0xf8                                                                                                                                                                                      MOV r11, vaddSign1
        2776    0x1a 0x92 0x60 0xf8                                                                                                                                                                                      MOV r10, vaddSign0
        2780    0x1b 0x1c 0x60 0xf8                                                                                                                                                                                      MOV r12, unpackSign1
        2784    0x1b 0x94 0x60 0xf8                                                                                                                                                                                      MOV r14, unpackSign0
        2788    0x00 0x2c 0xf0 0x00 0x20 0x00 0x00 0x03 0xb5 0x78 0x10 0xb6                      NOPA;                         NOPB;                                                       MOVXM p7, #2800
.label TGT_F__cxa_finalize_160
.loop_nesting 1
        2800    0x06 0x1c 0x9e 0x98                                                              LDA p1, [p6], #4
        2804    0x06 0xdc 0x1e 0x98                                                              LDA p0, [p6], #-12
        2808    0x00 0x00                                                                        NOPX
        2810    0x00 0x00                                                                        NOPX
        2812    0x00 0x00                                                                        NOPX
        2814    0x00 0x00                                                                        NOPX
        2816    0x00 0x00                                                                        NOPX
.no_stack_arguments
        2818    0x10 0x30 0x40 0x18                                                                                                                                                        JL p1
        2822    0x00 0x00                                                                        NOPX
        2824    0x00 0x00                                                                        NOPX
        2826    0x00 0x00                                                                        NOPX
        2828    0x00 0x01 0x67 0x98                                                              NOPA
        2832    0x00 0x2c 0xf0 0x00 0x20 0x01 0x5b 0x00 0x00 0x01 0xe8 0x10 0x78 0x00 0x00 0xe1  NOPA;                         NOPB;                         NOPS;                         NOPX;                         MOV r15, r0;                            NOPV
.return_address
        2848    0x13 0x5b 0xe0 0x18                                                                                                                                                        JNZD r13, r13, p7
        2852    0x18 0x17 0xa0 0xf8                                                                                                                                                                                      MOV r0, r15
        2856    0x00 0x00                                                                        NOPX
        2858    0x00 0x00                                                                        NOPX
        2860    0x00 0x00                                                                        NOPX
        2862    0x00 0x00                                                                        NOPX
.loop_nesting 0
        2864    0xfa 0x86 0x20 0x17 0xf2 0x02 0x1a 0x50 0x78 0xba                                LDA r1, [sp, #-44];                                                                       MOVX vaddSign1, r11;          MOV upsSign1, r9
        2874    0xfc 0x8e 0x20 0x15 0xd2 0x00 0x1a 0x10 0x78 0xba                                LDA r3, [sp, #-28];                                                                       MOVX vaddSign0, r10;          MOV upsSign0, r8
        2884    0xfb 0x07 0x26 0x7b 0x80 0x2c                                                    LDA lr, [sp, #-40];                                                                       MOVX unpackSign1, r12
        2890    0xfc 0x0a 0x27 0x73 0x80 0x2c                                                    LDA r2, [sp, #-32];                                                                       MOVX unpackSign0, r14
        2896    0x07 0xec 0xf1 0x18                                                              LDA r7, [sp, #-20]
        2900    0x07 0xf0 0x91 0x18                                                              LDA r4, [sp, #-16]
        2904    0x07 0xf4 0xb1 0x18                                                              LDA r5, [sp, #-12]
        2908    0xff 0x1a 0x20 0xf9 0x80 0x2c                                                    LDA r6, [sp, #-8];                                                                        MOVX srsSign1, r1
        2914    0xff 0x86 0x21 0xf8 0x80 0x2c                                                    LDA r1, [sp, #-4];                                                                        MOVX packSign1, r3
        2920    0x07 0xe8 0x51 0x18                                                              LDA r2, [sp, #-24]
        2924    0x07 0xdc 0x71 0x18                                                              LDA r3, [sp, #-36]
        2928    0x00 0x00                                                                        NOPX
        2930    0x10 0x28 0x00 0x18                                                                                                                                                        RET lr
        2934    0xff 0xf8 0x00 0x00 0x01 0xc4                                                                                                                                              PADDXM [sp], #-64
        2940    0x17 0x18 0x03 0xc7 0x41 0xe4                                                                                                                                              MOVX srsSign0, r2;            MOV packSign0, r7
        2946    0x27 0x70 0x08 0xe5 0x41 0xe4                                                                                                                                              MOVX crSat, r4;               MOV crSRSMode, r5
        2952    0x37 0x40 0x0f 0x61 0x41 0xe4                                                                                                                                              MOVX crPackSize, r6;          MOV crRnd, r1
        2958    0x17 0x90 0x0c 0xe3 0x41 0xe4                                                                                                                                              MOVX crUnpackSize, r2;        MOV crUPSMode, r3
.label __cxa_finalize__end

.bss_segment DMb 503564	    4

.bss_segment DMb 503568	    1

.data_segment DMb 503572
.label _ZL7atexits
	0xa0
	0x9
	0x0
	0x0
	0x0
	0x0
	0x0
	0x0
	0x0
	0x0
	0x0
	0x0
	0x0
	0x0
	0x0
	0x0
	0x0
	0x0
	0x0
	0x0
	0x0
	0x0
	0x0
	0x0
	0x0
	0x0
	0x0
	0x0
	0x0
	0x0
	0x0
	0x0
.label _ZL10atexit_cnt
	0x8
	0x0
	0x0
	0x0

.stack DM_stack 458752 462080
